exports[`test renders a PokemonDetail 1`] = `
<View
  style={
    Object {
      "flex": 1,
      "flexDirection": "column",
      "marginTop": 80,
    }
  }>
  <View
    style={
      Object {
        "alignItems": "center",
      }
    }>
    <Image
      source={
        Object {
          "uri": "https://raw.githubusercontent.com/PokeAPI/sprites/master/sprites/pokemon/6.png",
        }
      }
      style={
        Object {
          "height": 50,
          "width": 50,
        }
      } />
  </View>
  <Text
    accessible={true}
    allowFontScaling={true}
    ellipsizeMode="tail">
    Name: 
    charizard
  </Text>
  <Text
    accessible={true}
    allowFontScaling={true}
    ellipsizeMode="tail">
    flying, fire
  </Text>
  <View
    style={
      Object {
        "backgroundColor": "maroon",
        "height": 3,
        "marginBottom": 10,
        "marginRight": 10,
        "marginTop": 10,
      }
    } />
  <View
    style={
      Object {
        "flexDirection": "row",
      }
    }>
    <View
      style={
        Object {
          "alignItems": "center",
          "flex": 1,
          "justifyContent": "center",
        }
      }>
      <Text
        accessible={true}
        allowFontScaling={true}
        ellipsizeMode="tail">
        speed
      </Text>
      <Text
        accessible={true}
        allowFontScaling={true}
        ellipsizeMode="tail">
        100
      </Text>
    </View>
    <View
      style={
        Object {
          "alignItems": "center",
          "flex": 1,
          "justifyContent": "center",
        }
      }>
      <Text
        accessible={true}
        allowFontScaling={true}
        ellipsizeMode="tail">
        special-defense
      </Text>
      <Text
        accessible={true}
        allowFontScaling={true}
        ellipsizeMode="tail">
        85
      </Text>
    </View>
    <View
      style={
        Object {
          "alignItems": "center",
          "flex": 1,
          "justifyContent": "center",
        }
      }>
      <Text
        accessible={true}
        allowFontScaling={true}
        ellipsizeMode="tail">
        special-attack
      </Text>
      <Text
        accessible={true}
        allowFontScaling={true}
        ellipsizeMode="tail">
        109
      </Text>
    </View>
    <View
      style={
        Object {
          "alignItems": "center",
          "flex": 1,
          "justifyContent": "center",
        }
      }>
      <Text
        accessible={true}
        allowFontScaling={true}
        ellipsizeMode="tail">
        defense
      </Text>
      <Text
        accessible={true}
        allowFontScaling={true}
        ellipsizeMode="tail">
        78
      </Text>
    </View>
    <View
      style={
        Object {
          "alignItems": "center",
          "flex": 1,
          "justifyContent": "center",
        }
      }>
      <Text
        accessible={true}
        allowFontScaling={true}
        ellipsizeMode="tail">
        attack
      </Text>
      <Text
        accessible={true}
        allowFontScaling={true}
        ellipsizeMode="tail">
        84
      </Text>
    </View>
    <View
      style={
        Object {
          "alignItems": "center",
          "flex": 1,
          "justifyContent": "center",
        }
      }>
      <Text
        accessible={true}
        allowFontScaling={true}
        ellipsizeMode="tail">
        hp
      </Text>
      <Text
        accessible={true}
        allowFontScaling={true}
        ellipsizeMode="tail">
        78
      </Text>
    </View>
  </View>
  <View
    style={
      Object {
        "backgroundColor": "maroon",
        "height": 3,
        "marginBottom": 10,
        "marginRight": 10,
        "marginTop": 10,
      }
    } />
  <Text
    accessible={true}
    allowFontScaling={true}
    ellipsizeMode="tail">
    Exp: 
    240
  </Text>
</View>
`;
