exports[`test handles REQUEST_POKEMON_DETAIL action 1`] = `
Object {
  "isLoading": true,
  "pokemon": Object {},
}
`;

exports[`test handles unhandled action 1`] = `
Object {
  "isLoading": true,
  "pokemon": Object {},
}
`;
