exports[`test handles REQUEST_POKEMON_LIST action 1`] = `
Object {
  "isLoading": true,
  "pokemon": Array [],
}
`;

exports[`test handles unhandled action 1`] = `
Object {
  "isLoading": true,
  "pokemon": Array [],
}
`;
